Force the Sun (2008) (post-rock)
========================================
 1. Dreams of the Bed
        Danny Wheeler: vocals
        Ian Bloom: vocals
 2. Where is the Farm
        Danny Wheeler: vocals
        Ian Bloom: vocals
 3. Rocking the Torpedoes
        Ian Bloom: violin
 4. Fly to New York
        The whole group
 5. Master of Life
        Danny Wheeler: vocals
        Dizzy Plant: vocals
 6. On the Road to the Horizon
        Dizzy Plant: vocals
        Pete Carey: guitars,violin,vocals
 7. Rock Blue
        Danny Wheeler: violin
        Dizzy Plant: vocals
        Pete Carey: vocals
