What about the Bed (2012) (metal)
========================================
 1. Rocking Triumph
        Katy Gock: vocals
        Sapphire Wheeler: vocals
 2. Ode to Triumph
        Katy Gock: drums
 3. Ode to Midnight
        The whole group
 4. Kill for the Bed
        Ozzy Berry: flute
 5. Gimme Midnight
        John Butler: drums
        Katy Gock: vocals
 6. Ode to Vision
        The whole group
 7. Running from the Sky
        Ozzy Berry: mandolin
 8. Over Tokyo
        Katy Gock: vocals
        Sapphire Wheeler: vocals
 9. What happened to Haze
        John Butler: drums
10. Escape from Plague
        The whole group
11. On the Road to Khatmandu
        Katy Gock: drums,saxophone
        Ozzy Berry: saxophone
