Up to Triumph (2011) (rock)
========================================
 1. Escape from the Horizon
        Ozzy Martin: vocals
 2. Pump up Haze
        Bernie Jones: drums,lead guitar
        Ian Bloom: vocals
        Ozzy Martin: drums,guitars,vocals
        Sapphire Malone: percussion
 3. Master of this World
        Bernie Jones: vocals
        Ian Bloom: vocals
 4. Maybe Pandemic
        Ian Bloom: flute
 5. Kill for Fire
        Bernie Jones: drums,vocals
        Ozzy Martin: banjo,drums
 6. Over Solace
        Ian Bloom: vocals
        Ozzy Martin: lead guitar,rythm guitar
        Sapphire Malone: vocals
 7. Why the Torpedoes
        The whole group
 8. Why not Khatmandu
        The whole group
 9. What happened to New York
        Bernie Jones: vocals
        Ozzy Martin: lead guitar
10. What about the Moon
        Bernie Jones: flute,vocals
        Ian Bloom: vocals
11. Touch the Torpedoes
        Bernie Jones: vocals
